  Determining projects to restore...
E:\Enterprise Projects\Template\Template.CommandHandler.Tests\Template.CommandHandler.Tests.csproj : warning NU1603: Template.CommandHandler.Tests depends on Microsoft.NET.Test.Sdk (>= 17.9.1) but Microsoft.NET.Test.Sdk 17.9.1 was not found. Microsoft.NET.Test.Sdk 17.10.0 was resolved instead. [E:\Enterprise Projects\Template\Template.slnx]
E:\Enterprise Projects\Template\Template.QueryHandler.Tests\Template.QueryHandler.Tests.csproj : warning NU1603: Template.QueryHandler.Tests depends on Microsoft.NET.Test.Sdk (>= 17.9.1) but Microsoft.NET.Test.Sdk 17.9.1 was not found. Microsoft.NET.Test.Sdk 17.10.0 was resolved instead. [E:\Enterprise Projects\Template\Template.slnx]
E:\Enterprise Projects\Template\Template.EventHandler.Tests\Template.EventHandler.Tests.csproj : warning NU1603: Template.EventHandler.Tests depends on Microsoft.NET.Test.Sdk (>= 17.9.1) but Microsoft.NET.Test.Sdk 17.9.1 was not found. Microsoft.NET.Test.Sdk 17.10.0 was resolved instead. [E:\Enterprise Projects\Template\Template.slnx]
E:\Enterprise Projects\Template\Template.Architecture.Tests\Template.Architecture.Tests.csproj : warning NU1603: Template.Architecture.Tests depends on Microsoft.NET.Test.Sdk (>= 17.9.1) but Microsoft.NET.Test.Sdk 17.9.1 was not found. Microsoft.NET.Test.Sdk 17.10.0 was resolved instead. [E:\Enterprise Projects\Template\Template.slnx]
  All projects are up-to-date for restore.
E:\Enterprise Projects\Template\Template.EventHandler.Tests\Template.EventHandler.Tests.csproj : warning NU1603: Template.EventHandler.Tests depends on Microsoft.NET.Test.Sdk (>= 17.9.1) but Microsoft.NET.Test.Sdk 17.9.1 was not found. Microsoft.NET.Test.Sdk 17.10.0 was resolved instead.
E:\Enterprise Projects\Template\Template.Architecture.Tests\Template.Architecture.Tests.csproj : warning NU1603: Template.Architecture.Tests depends on Microsoft.NET.Test.Sdk (>= 17.9.1) but Microsoft.NET.Test.Sdk 17.9.1 was not found. Microsoft.NET.Test.Sdk 17.10.0 was resolved instead.
E:\Enterprise Projects\Template\Template.CommandHandler.Tests\Template.CommandHandler.Tests.csproj : warning NU1603: Template.CommandHandler.Tests depends on Microsoft.NET.Test.Sdk (>= 17.9.1) but Microsoft.NET.Test.Sdk 17.9.1 was not found. Microsoft.NET.Test.Sdk 17.10.0 was resolved instead.
E:\Enterprise Projects\Template\Template.QueryHandler.Tests\Template.QueryHandler.Tests.csproj : warning NU1603: Template.QueryHandler.Tests depends on Microsoft.NET.Test.Sdk (>= 17.9.1) but Microsoft.NET.Test.Sdk 17.9.1 was not found. Microsoft.NET.Test.Sdk 17.10.0 was resolved instead.
E:\Enterprise Projects\Template\Template.Database\Domain\Entities\RolePermission.cs(6,22): warning CA1711: Rename type name RolePermission so that it does not end in 'Permission' (https://learn.microsoft.com/dotnet/fundamentals/code-analysis/quality-rules/ca1711) [E:\Enterprise Projects\Template\Template.Database\Template.Database.csproj]
E:\Enterprise Projects\Template\Template.Database\Domain\Entities\Permission.cs(6,22): warning CA1711: Rename type name Permission so that it does not end in 'Permission' (https://learn.microsoft.com/dotnet/fundamentals/code-analysis/quality-rules/ca1711) [E:\Enterprise Projects\Template\Template.Database\Template.Database.csproj]
E:\Enterprise Projects\Template\Template.Database\Domain\Entities\UserPermission.cs(6,22): warning CA1711: Rename type name UserPermission so that it does not end in 'Permission' (https://learn.microsoft.com/dotnet/fundamentals/code-analysis/quality-rules/ca1711) [E:\Enterprise Projects\Template\Template.Database\Template.Database.csproj]
E:\Enterprise Projects\Template\Template.Utilities\Cryptography\PasswordSaltGenerator.cs(17,56): warning CA1311: Specify a culture or use an invariant version to avoid implicit dependency on current culture (https://learn.microsoft.com/dotnet/fundamentals/code-analysis/quality-rules/ca1311) [E:\Enterprise Projects\Template\Template.Utilities\Template.Utilities.csproj]
E:\Enterprise Projects\Template\Template.Utilities\Cryptography\PasswordSaltGenerator.cs(17,20): warning CA1304: The behavior of 'string.ToUpper()' could vary based on the current user's locale settings. Replace this call in 'PasswordSaltGenerator.GenerateSalt([int])' with a call to 'string.ToUpper(CultureInfo)'. (https://learn.microsoft.com/dotnet/fundamentals/code-analysis/quality-rules/ca1304) [E:\Enterprise Projects\Template\Template.Utilities\Template.Utilities.csproj]
E:\Enterprise Projects\Template\Template.Utilities\Cryptography\HashGenerator.cs(15,53): warning CA1311: Specify a culture or use an invariant version to avoid implicit dependency on current culture (https://learn.microsoft.com/dotnet/fundamentals/code-analysis/quality-rules/ca1311) [E:\Enterprise Projects\Template\Template.Utilities\Template.Utilities.csproj]
E:\Enterprise Projects\Template\Template.Utilities\Cryptography\HashGenerator.cs(15,24): warning CA1304: The behavior of 'string.ToUpper()' could vary based on the current user's locale settings. Replace this call in 'HashGenerator.GenerateSHA256Hash(string, string)' with a call to 'string.ToUpper(CultureInfo)'. (https://learn.microsoft.com/dotnet/fundamentals/code-analysis/quality-rules/ca1304) [E:\Enterprise Projects\Template\Template.Utilities\Template.Utilities.csproj]
E:\Enterprise Projects\Template\Template.Utilities\Cryptography\HashGenerator.cs(14,28): warning CA1850: Prefer static 'System.Security.Cryptography.SHA256.HashData' method over 'ComputeHash' (https://learn.microsoft.com/dotnet/fundamentals/code-analysis/quality-rules/ca1850) [E:\Enterprise Projects\Template\Template.Utilities\Template.Utilities.csproj]
  Template.Utilities -> E:\Enterprise Projects\Template\Template.Utilities\bin\Debug\net10.0\Template.Utilities.dll
  Template.Database -> E:\Enterprise Projects\Template\Template.Database\bin\Debug\net10.0\Template.Database.dll
E:\Enterprise Projects\Template\Template.Shared.Models\Common\AccessTypes.cs(5,34): warning CA1716: Rename namespace Template.Shared.Models.Common so that it no longer conflicts with the reserved language keyword 'Shared'. Using a reserved keyword as the name of a namespace makes it harder for consumers in other languages to use the namespace. (https://learn.microsoft.com/dotnet/fundamentals/code-analysis/quality-rules/ca1716) [E:\Enterprise Projects\Template\Template.Shared.Models\Template.Shared.Models.csproj]
E:\Enterprise Projects\Template\Template.Shared.Models\DTOs\Identity\UserDTO.cs(5,39): warning CA1716: Rename namespace Template.Shared.Models.DTOs.Identity so that it no longer conflicts with the reserved language keyword 'Shared'. Using a reserved keyword as the name of a namespace makes it harder for consumers in other languages to use the namespace. (https://learn.microsoft.com/dotnet/fundamentals/code-analysis/quality-rules/ca1716) [E:\Enterprise Projects\Template\Template.Shared.Models\Template.Shared.Models.csproj]
E:\Enterprise Projects\Template\Template.Shared.Models\Requests\Identity\CreateUserRequest.cs(7,43): warning CA1716: Rename namespace Template.Shared.Models.Requests.Identity so that it no longer conflicts with the reserved language keyword 'Shared'. Using a reserved keyword as the name of a namespace makes it harder for consumers in other languages to use the namespace. (https://learn.microsoft.com/dotnet/fundamentals/code-analysis/quality-rules/ca1716) [E:\Enterprise Projects\Template\Template.Shared.Models\Template.Shared.Models.csproj]
E:\Enterprise Projects\Template\Template.Shared.Models\Requests\Identity\UpdateUserRequest.cs(12,44): warning CA1805: Member 'Email' is explicitly initialized to its default value (https://learn.microsoft.com/dotnet/fundamentals/code-analysis/quality-rules/ca1805) [E:\Enterprise Projects\Template\Template.Shared.Models\Template.Shared.Models.csproj]
E:\Enterprise Projects\Template\Template.Shared.Models\Requests\Identity\UpdateUserRequest.cs(13,47): warning CA1805: Member 'Password' is explicitly initialized to its default value (https://learn.microsoft.com/dotnet/fundamentals/code-analysis/quality-rules/ca1805) [E:\Enterprise Projects\Template\Template.Shared.Models\Template.Shared.Models.csproj]
E:\Enterprise Projects\Template\Template.Shared.Models\Requests\Identity\UpdateUserRequest.cs(14,45): warning CA1805: Member 'IsActive' is explicitly initialized to its default value (https://learn.microsoft.com/dotnet/fundamentals/code-analysis/quality-rules/ca1805) [E:\Enterprise Projects\Template\Template.Shared.Models\Template.Shared.Models.csproj]
E:\Enterprise Projects\Template\Template.Shared.Models\Requests\Identity\UpdateUserRequest.cs(11,47): warning CA1805: Member 'UserName' is explicitly initialized to its default value (https://learn.microsoft.com/dotnet/fundamentals/code-analysis/quality-rules/ca1805) [E:\Enterprise Projects\Template\Template.Shared.Models\Template.Shared.Models.csproj]
E:\Enterprise Projects\Template\Template.Shared.Models\Requests\Identity\CreateUserRequest.cs(7,34): warning CA1716: Rename namespace Template.Shared.Models.Requests so that it no longer conflicts with the reserved language keyword 'Shared'. Using a reserved keyword as the name of a namespace makes it harder for consumers in other languages to use the namespace. (https://learn.microsoft.com/dotnet/fundamentals/code-analysis/quality-rules/ca1716) [E:\Enterprise Projects\Template\Template.Shared.Models\Template.Shared.Models.csproj]
E:\Enterprise Projects\Template\Template.Shared.Models\Requests\Identity\UpdateUserRequest.cs(22,21): warning SYSLIB1045: Use 'GeneratedRegexAttribute' to generate the regular expression implementation at compile-time. (https://learn.microsoft.com/dotnet/fundamentals/syslib-diagnostics/syslib1045) [E:\Enterprise Projects\Template\Template.Shared.Models\Template.Shared.Models.csproj]
E:\Enterprise Projects\Template\Template.Shared.Models\Requests\Identity\CreateUserRequest.cs(29,18): warning SYSLIB1045: Use 'GeneratedRegexAttribute' to generate the regular expression implementation at compile-time. (https://learn.microsoft.com/dotnet/fundamentals/syslib-diagnostics/syslib1045) [E:\Enterprise Projects\Template\Template.Shared.Models\Template.Shared.Models.csproj]
  Template.Shared.Models -> E:\Enterprise Projects\Template\Template.Shared.Models\bin\Debug\net10.0\Template.Shared.Models.dll
E:\Enterprise Projects\Template\Template.Contracts\EventHandler\IEventHandler.cs(8,22): warning CA1711: Rename type name IEventHandler so that it does not end in 'EventHandler' (https://learn.microsoft.com/dotnet/fundamentals/code-analysis/quality-rules/ca1711) [E:\Enterprise Projects\Template\Template.Contracts\Template.Contracts.csproj]
E:\Enterprise Projects\Template\Template.Contracts\ServiceBus\IServiceBus.cs(16,29): warning CA1716: In virtual/interface member IServiceBus.Publish(IEvent), rename parameter event so that it no longer conflicts with the reserved language keyword 'event'. Using a reserved keyword as the name of a parameter on a virtual/interface member makes it harder for consumers in other languages to override/implement the member. (https://learn.microsoft.com/dotnet/fundamentals/code-analysis/quality-rules/ca1716) [E:\Enterprise Projects\Template\Template.Contracts\Template.Contracts.csproj]
E:\Enterprise Projects\Template\Template.Contracts\MessageQueue\IMessageQueue.cs(5,22): warning CA1711: Rename type name IMessageQueue so that it does not end in 'Queue' (https://learn.microsoft.com/dotnet/fundamentals/code-analysis/quality-rules/ca1711) [E:\Enterprise Projects\Template\Template.Contracts\Template.Contracts.csproj]
E:\Enterprise Projects\Template\Template.Contracts\EventHandler\IEventHandler.cs(10,28): warning CA1716: In virtual/interface member IEventHandler<TEvent>.Handle(TEvent), rename parameter event so that it no longer conflicts with the reserved language keyword 'event'. Using a reserved keyword as the name of a parameter on a virtual/interface member makes it harder for consumers in other languages to override/implement the member. (https://learn.microsoft.com/dotnet/fundamentals/code-analysis/quality-rules/ca1716) [E:\Enterprise Projects\Template\Template.Contracts\Template.Contracts.csproj]
E:\Enterprise Projects\Template\Template.Contracts\MessageQueue\IMessageQueue.cs(7,42): warning CA1716: In virtual/interface member IMessageQueue.PublishAsync<TEvent>(TEvent), rename parameter event so that it no longer conflicts with the reserved language keyword 'event'. Using a reserved keyword as the name of a parameter on a virtual/interface member makes it harder for consumers in other languages to override/implement the member. (https://learn.microsoft.com/dotnet/fundamentals/code-analysis/quality-rules/ca1716) [E:\Enterprise Projects\Template\Template.Contracts\Template.Contracts.csproj]
E:\Enterprise Projects\Template\Template.Contracts\Event\IEvent.cs(5,30): warning CA1716: Rename namespace Template.Contracts.Event so that it no longer conflicts with the reserved language keyword 'Event'. Using a reserved keyword as the name of a namespace makes it harder for consumers in other languages to use the namespace. (https://learn.microsoft.com/dotnet/fundamentals/code-analysis/quality-rules/ca1716) [E:\Enterprise Projects\Template\Template.Contracts\Template.Contracts.csproj]
  Template.Contracts -> E:\Enterprise Projects\Template\Template.Contracts\bin\Debug\net10.0\Template.Contracts.dll
E:\Enterprise Projects\Template\Template.Commands\Identity\UserCommands\UpdateUserCommand.cs(16,45): warning CA1805: Member 'IsActive' is explicitly initialized to its default value (https://learn.microsoft.com/dotnet/fundamentals/code-analysis/quality-rules/ca1805) [E:\Enterprise Projects\Template\Template.Commands\Template.Commands.csproj]
E:\Enterprise Projects\Template\Template.Commands\Identity\UserCommands\UpdateUserCommand.cs(13,47): warning CA1805: Member 'UserName' is explicitly initialized to its default value (https://learn.microsoft.com/dotnet/fundamentals/code-analysis/quality-rules/ca1805) [E:\Enterprise Projects\Template\Template.Commands\Template.Commands.csproj]
E:\Enterprise Projects\Template\Template.Commands\Identity\UserCommands\UpdateUserCommand.cs(15,47): warning CA1805: Member 'Password' is explicitly initialized to its default value (https://learn.microsoft.com/dotnet/fundamentals/code-analysis/quality-rules/ca1805) [E:\Enterprise Projects\Template\Template.Commands\Template.Commands.csproj]
E:\Enterprise Projects\Template\Template.Commands\Identity\UserCommands\UpdateUserCommand.cs(14,44): warning CA1805: Member 'Email' is explicitly initialized to its default value (https://learn.microsoft.com/dotnet/fundamentals/code-analysis/quality-rules/ca1805) [E:\Enterprise Projects\Template\Template.Commands\Template.Commands.csproj]
  Template.Events -> E:\Enterprise Projects\Template\Template.Events\bin\Debug\net10.0\Template.Events.dll
  Template.Services -> E:\Enterprise Projects\Template\Template.Services\bin\Debug\net10.0\Template.Services.dll
  Template.Commands -> E:\Enterprise Projects\Template\Template.Commands\bin\Debug\net10.0\Template.Commands.dll
E:\Enterprise Projects\Template\Template.Queries\Identity\UserQueries\DoesUserExistQuery.cs(13,47): warning CA1805: Member 'UserName' is explicitly initialized to its default value (https://learn.microsoft.com/dotnet/fundamentals/code-analysis/quality-rules/ca1805) [E:\Enterprise Projects\Template\Template.Queries\Template.Queries.csproj]
E:\Enterprise Projects\Template\Template.Queries\Identity\UserQueries\DoesUserExistQuery.cs(12,44): warning CA1805: Member 'Email' is explicitly initialized to its default value (https://learn.microsoft.com/dotnet/fundamentals/code-analysis/quality-rules/ca1805) [E:\Enterprise Projects\Template\Template.Queries\Template.Queries.csproj]
  Template.Queries -> E:\Enterprise Projects\Template\Template.Queries\bin\Debug\net10.0\Template.Queries.dll
E:\Enterprise Projects\Template\Template.EventHandlers\Identity\UserCreatedEventHandler.cs(8,18): warning CA1711: Rename type name UserCreatedEventHandler so that it does not end in 'EventHandler' (https://learn.microsoft.com/dotnet/fundamentals/code-analysis/quality-rules/ca1711) [E:\Enterprise Projects\Template\Template.EventHandlers\Template.EventHandlers.csproj]
  Template.EventHandlers -> E:\Enterprise Projects\Template\Template.EventHandlers\bin\Debug\net10.0\Template.EventHandlers.dll
E:\Enterprise Projects\Template\Template.Consumer\MessageQueues\InMemoryMessageQueue.cs(12,18): warning CA1711: Rename type name InMemoryMessageQueue so that it does not end in 'Queue' (https://learn.microsoft.com/dotnet/fundamentals/code-analysis/quality-rules/ca1711) [E:\Enterprise Projects\Template\Template.Consumer\Template.Consumer.csproj]
E:\Enterprise Projects\Template\Template.Consumer\Listeners\BaseEventListener.cs(16,42): warning CA1051: Do not declare visible instance fields (https://learn.microsoft.com/dotnet/fundamentals/code-analysis/quality-rules/ca1051) [E:\Enterprise Projects\Template\Template.Consumer\Template.Consumer.csproj]
E:\Enterprise Projects\Template\Template.Consumer\MessageQueues\RabbitMQMessageQueue.cs(11,18): warning CA1711: Rename type name RabbitMQMessageQueue so that it does not end in 'Queue' (https://learn.microsoft.com/dotnet/fundamentals/code-analysis/quality-rules/ca1711) [E:\Enterprise Projects\Template\Template.Consumer\Template.Consumer.csproj]
E:\Enterprise Projects\Template\Template.Consumer\MessageQueues\ServiceBusMessageQueue.cs(11,18): warning CA1711: Rename type name ServiceBusMessageQueue so that it does not end in 'Queue' (https://learn.microsoft.com/dotnet/fundamentals/code-analysis/quality-rules/ca1711) [E:\Enterprise Projects\Template\Template.Consumer\Template.Consumer.csproj]
E:\Enterprise Projects\Template\Template.Consumer\MessageQueues\KafkaMessageQueue.cs(11,18): warning CA1711: Rename type name KafkaMessageQueue so that it does not end in 'Queue' (https://learn.microsoft.com/dotnet/fundamentals/code-analysis/quality-rules/ca1711) [E:\Enterprise Projects\Template\Template.Consumer\Template.Consumer.csproj]
E:\Enterprise Projects\Template\Template.Consumer\Listeners\BaseEventListener.cs(40,57): warning CA1716: In virtual/interface member BaseEventListener<TEvent>.HandleEventAsync(TEvent), rename parameter event so that it no longer conflicts with the reserved language keyword 'event'. Using a reserved keyword as the name of a parameter on a virtual/interface member makes it harder for consumers in other languages to override/implement the member. (https://learn.microsoft.com/dotnet/fundamentals/code-analysis/quality-rules/ca1716) [E:\Enterprise Projects\Template\Template.Consumer\Template.Consumer.csproj]
E:\Enterprise Projects\Template\Template.Consumer\MessageQueues\InMemoryMessageQueue.cs(78,18): warning CA1854: Prefer a 'TryGetValue' call over a Dictionary indexer access guarded by a 'ContainsKey' check to avoid double lookup (https://learn.microsoft.com/dotnet/fundamentals/code-analysis/quality-rules/ca1854) [E:\Enterprise Projects\Template\Template.Consumer\Template.Consumer.csproj]
E:\Enterprise Projects\Template\Template.Consumer\Program.cs(5,14): warning CA1305: The behavior of 'LoggerSinkConfiguration.Console([LogEventLevel], [string], [IFormatProvider], [LoggingLevelSwitch], [LogEventLevel?], [ConsoleTheme], [bool], [object])' could vary based on the current user's locale settings. Provide a value for the 'IFormatProvider' argument. (https://learn.microsoft.com/dotnet/fundamentals/code-analysis/quality-rules/ca1305) [E:\Enterprise Projects\Template\Template.Consumer\Template.Consumer.csproj]
E:\Enterprise Projects\Template\Template.Consumer\Worker.cs(87,21): warning CA1848: For improved performance, use the LoggerMessage delegates instead of calling 'LoggerExtensions.LogDebug(ILogger, string?, params object?[])' (https://learn.microsoft.com/dotnet/fundamentals/code-analysis/quality-rules/ca1848) [E:\Enterprise Projects\Template\Template.Consumer\Template.Consumer.csproj]
E:\Enterprise Projects\Template\Template.Consumer\Worker.cs(96,21): warning CA1848: For improved performance, use the LoggerMessage delegates instead of calling 'LoggerExtensions.LogError(ILogger, Exception?, string?, params object?[])' (https://learn.microsoft.com/dotnet/fundamentals/code-analysis/quality-rules/ca1848) [E:\Enterprise Projects\Template\Template.Consumer\Template.Consumer.csproj]
E:\Enterprise Projects\Template\Template.Consumer\Worker.cs(102,16): warning CA1848: For improved performance, use the LoggerMessage delegates instead of calling 'LoggerExtensions.LogInformation(ILogger, string?, params object?[])' (https://learn.microsoft.com/dotnet/fundamentals/code-analysis/quality-rules/ca1848) [E:\Enterprise Projects\Template\Template.Consumer\Template.Consumer.csproj]
E:\Enterprise Projects\Template\Template.Consumer\Worker.cs(105,16): warning CA1848: For improved performance, use the LoggerMessage delegates instead of calling 'LoggerExtensions.LogInformation(ILogger, string?, params object?[])' (https://learn.microsoft.com/dotnet/fundamentals/code-analysis/quality-rules/ca1848) [E:\Enterprise Projects\Template\Template.Consumer\Template.Consumer.csproj]
E:\Enterprise Projects\Template\Template.Consumer\MessageQueues\MessageQueueStrategyFactory.cs(47,22): warning CA1822: Member 'ValidateInput' does not access instance data and can be marked as static (https://learn.microsoft.com/dotnet/fundamentals/code-analysis/quality-rules/ca1822) [E:\Enterprise Projects\Template\Template.Consumer\Template.Consumer.csproj]
  Template.Consumer -> E:\Enterprise Projects\Template\Template.Consumer\bin\Debug\net10.0\Template.Consumer.dll
  Template.QueryHandlers -> E:\Enterprise Projects\Template\Template.QueryHandlers\bin\Debug\net10.0\Template.QueryHandlers.dll
E:\Enterprise Projects\Template\Template.EventHandler.Tests\Identity\UserCreatedEventHandlerTests.cs(42,83): warning CS8625: Cannot convert null literal to non-nullable reference type. [E:\Enterprise Projects\Template\Template.EventHandler.Tests\Template.EventHandler.Tests.csproj]
E:\Enterprise Projects\Template\Template.EventHandler.Tests\Identity\UserCreatedEventHandlerTests.cs(162,13): warning CS4014: Because this call is not awaited, execution of the current method continues before the call is completed. Consider applying the 'await' operator to the result of the call. [E:\Enterprise Projects\Template\Template.EventHandler.Tests\Template.EventHandler.Tests.csproj]
E:\Enterprise Projects\Template\Template.EventHandler.Tests\Identity\UserCreatedEventHandlerTests.cs(19,27): warning CA1707: Remove the underscores from member name Template.EventHandler.Tests.Identity.UserCreatedEventHandlerTests.Handle_WithValidEvent_CompletesSuccessfully() (https://learn.microsoft.com/dotnet/fundamentals/code-analysis/quality-rules/ca1707) [E:\Enterprise Projects\Template\Template.EventHandler.Tests\Template.EventHandler.Tests.csproj]
E:\Enterprise Projects\Template\Template.EventHandler.Tests\Identity\UserCreatedEventHandlerTests.cs(39,27): warning CA1707: Remove the underscores from member name Template.EventHandler.Tests.Identity.UserCreatedEventHandlerTests.Handle_WithNullEvent_ThrowsException() (https://learn.microsoft.com/dotnet/fundamentals/code-analysis/quality-rules/ca1707) [E:\Enterprise Projects\Template\Template.EventHandler.Tests\Template.EventHandler.Tests.csproj]
E:\Enterprise Projects\Template\Template.EventHandler.Tests\Identity\UserCreatedEventHandlerTests.cs(46,27): warning CA1707: Remove the underscores from member name Template.EventHandler.Tests.Identity.UserCreatedEventHandlerTests.Handle_PreservesTraceId() (https://learn.microsoft.com/dotnet/fundamentals/code-analysis/quality-rules/ca1707) [E:\Enterprise Projects\Template\Template.EventHandler.Tests\Template.EventHandler.Tests.csproj]
E:\Enterprise Projects\Template\Template.EventHandler.Tests\Identity\UserCreatedEventHandlerTests.cs(68,27): warning CA1707: Remove the underscores from member name Template.EventHandler.Tests.Identity.UserCreatedEventHandlerTests.Handle_WithDifferentUsers_ProcessesEach() (https://learn.microsoft.com/dotnet/fundamentals/code-analysis/quality-rules/ca1707) [E:\Enterprise Projects\Template\Template.EventHandler.Tests\Template.EventHandler.Tests.csproj]
E:\Enterprise Projects\Template\Template.EventHandler.Tests\Identity\UserCreatedEventHandlerTests.cs(99,27): warning CA1707: Remove the underscores from member name Template.EventHandler.Tests.Identity.UserCreatedEventHandlerTests.Handle_WithEmptyUserName_StillProcesses() (https://learn.microsoft.com/dotnet/fundamentals/code-analysis/quality-rules/ca1707) [E:\Enterprise Projects\Template\Template.EventHandler.Tests\Template.EventHandler.Tests.csproj]
E:\Enterprise Projects\Template\Template.EventHandler.Tests\Identity\UserCreatedEventHandlerTests.cs(119,27): warning CA1707: Remove the underscores from member name Template.EventHandler.Tests.Identity.UserCreatedEventHandlerTests.Handle_WithEmptyEmail_StillProcesses() (https://learn.microsoft.com/dotnet/fundamentals/code-analysis/quality-rules/ca1707) [E:\Enterprise Projects\Template\Template.EventHandler.Tests\Template.EventHandler.Tests.csproj]
E:\Enterprise Projects\Template\Template.EventHandler.Tests\Identity\UserCreatedEventHandlerTests.cs(139,27): warning CA1707: Remove the underscores from member name Template.EventHandler.Tests.Identity.UserCreatedEventHandlerTests.Handle_ImplementsIEventHandler() (https://learn.microsoft.com/dotnet/fundamentals/code-analysis/quality-rules/ca1707) [E:\Enterprise Projects\Template\Template.EventHandler.Tests\Template.EventHandler.Tests.csproj]
E:\Enterprise Projects\Template\Template.EventHandler.Tests\Identity\UserCreatedEventHandlerTests.cs(146,27): warning CA1707: Remove the underscores from member name Template.EventHandler.Tests.Identity.UserCreatedEventHandlerTests.Handle_ReturnsCompletedTask() (https://learn.microsoft.com/dotnet/fundamentals/code-analysis/quality-rules/ca1707) [E:\Enterprise Projects\Template\Template.EventHandler.Tests\Template.EventHandler.Tests.csproj]
E:\Enterprise Projects\Template\Template.EventHandler.Tests\Identity\UserCreatedEventHandlerTests.cs(168,27): warning CA1707: Remove the underscores from member name Template.EventHandler.Tests.Identity.UserCreatedEventHandlerTests.Handle_CanBeCalledMultipleTimes() (https://learn.microsoft.com/dotnet/fundamentals/code-analysis/quality-rules/ca1707) [E:\Enterprise Projects\Template\Template.EventHandler.Tests\Template.EventHandler.Tests.csproj]
E:\Enterprise Projects\Template\Template.EventHandler.Tests\Identity\UserCreatedEventHandlerTests.cs(189,27): warning CA1707: Remove the underscores from member name Template.EventHandler.Tests.Identity.UserCreatedEventHandlerTests.Handle_WithOldCreatedDate_StillProcesses() (https://learn.microsoft.com/dotnet/fundamentals/code-analysis/quality-rules/ca1707) [E:\Enterprise Projects\Template\Template.EventHandler.Tests\Template.EventHandler.Tests.csproj]
E:\Enterprise Projects\Template\Template.EventHandler.Tests\Identity\UserCreatedEventHandlerTests.cs(209,27): warning CA1707: Remove the underscores from member name Template.EventHandler.Tests.Identity.UserCreatedEventHandlerTests.Handle_WithFutureCreatedDate_StillProcesses() (https://learn.microsoft.com/dotnet/fundamentals/code-analysis/quality-rules/ca1707) [E:\Enterprise Projects\Template\Template.EventHandler.Tests\Template.EventHandler.Tests.csproj]
  Template.EventHandler.Tests -> E:\Enterprise Projects\Template\Template.EventHandler.Tests\bin\Debug\net10.0\Template.EventHandler.Tests.dll
Test run for E:\Enterprise Projects\Template\Template.EventHandler.Tests\bin\Debug\net10.0\Template.EventHandler.Tests.dll (.NETCoreApp,Version=v10.0)
  Template.CommandHandlers -> E:\Enterprise Projects\Template\Template.CommandHandlers\bin\Debug\net10.0\Template.CommandHandlers.dll
E:\Enterprise Projects\Template\Template.QueryHandler.Tests\Identity\UserQueryHandlers\GetUserByIdQueryHandlerTests.cs(27,27): warning CA1707: Remove the underscores from member name Template.QueryHandler.Tests.Identity.UserQueryHandlers.GetUserByIdQueryHandlerTests.Handle_WithExistingUser_ReturnsUserDTO() (https://learn.microsoft.com/dotnet/fundamentals/code-analysis/quality-rules/ca1707) [E:\Enterprise Projects\Template\Template.QueryHandler.Tests\Template.QueryHandler.Tests.csproj]
E:\Enterprise Projects\Template\Template.QueryHandler.Tests\Identity\UserQueryHandlers\GetUserByIdQueryHandlerTests.cs(62,27): warning CA1707: Remove the underscores from member name Template.QueryHandler.Tests.Identity.UserQueryHandlers.GetUserByIdQueryHandlerTests.Handle_WithNonExistentUser_ReturnsNull() (https://learn.microsoft.com/dotnet/fundamentals/code-analysis/quality-rules/ca1707) [E:\Enterprise Projects\Template\Template.QueryHandler.Tests\Template.QueryHandler.Tests.csproj]
E:\Enterprise Projects\Template\Template.QueryHandler.Tests\Identity\UserQueryHandlers\GetUserByIdQueryHandlerTests.cs(79,27): warning CA1707: Remove the underscores from member name Template.QueryHandler.Tests.Identity.UserQueryHandlers.GetUserByIdQueryHandlerTests.Handle_WithInactiveUser_ReturnsUserDTO() (https://learn.microsoft.com/dotnet/fundamentals/code-analysis/quality-rules/ca1707) [E:\Enterprise Projects\Template\Template.QueryHandler.Tests\Template.QueryHandler.Tests.csproj]
E:\Enterprise Projects\Template\Template.QueryHandler.Tests\Identity\UserQueryHandlers\GetUserByIdQueryHandlerTests.cs(111,27): warning CA1707: Remove the underscores from member name Template.QueryHandler.Tests.Identity.UserQueryHandlers.GetUserByIdQueryHandlerTests.Handle_MapsDTOCorrectly() (https://learn.microsoft.com/dotnet/fundamentals/code-analysis/quality-rules/ca1707) [E:\Enterprise Projects\Template\Template.QueryHandler.Tests\Template.QueryHandler.Tests.csproj]
E:\Enterprise Projects\Template\Template.QueryHandler.Tests\Identity\UserQueryHandlers\GetUserByIdQueryHandlerTests.cs(149,27): warning CA1707: Remove the underscores from member name Template.QueryHandler.Tests.Identity.UserQueryHandlers.GetUserByIdQueryHandlerTests.Handle_WithMultipleUsers_ReturnsCorrectUser() (https://learn.microsoft.com/dotnet/fundamentals/code-analysis/quality-rules/ca1707) [E:\Enterprise Projects\Template\Template.QueryHandler.Tests\Template.QueryHandler.Tests.csproj]
E:\Enterprise Projects\Template\Template.QueryHandler.Tests\Identity\UserQueryHandlers\GetUserByIdQueryHandlerTests.cs(236,21): warning CA1816: Change GetUserByIdQueryHandlerTests.Dispose() to call GC.SuppressFinalize(object). This will prevent derived types that introduce a finalizer from needing to re-implement 'IDisposable' to call it. (https://learn.microsoft.com/dotnet/fundamentals/code-analysis/quality-rules/ca1816) [E:\Enterprise Projects\Template\Template.QueryHandler.Tests\Template.QueryHandler.Tests.csproj]
E:\Enterprise Projects\Template\Template.QueryHandler.Tests\Identity\UserQueryHandlers\GetUserByIdQueryHandlerTests.cs(203,27): warning CA1707: Remove the underscores from member name Template.QueryHandler.Tests.Identity.UserQueryHandlers.GetUserByIdQueryHandlerTests.Handle_DoesNotModifyDatabase() (https://learn.microsoft.com/dotnet/fundamentals/code-analysis/quality-rules/ca1707) [E:\Enterprise Projects\Template\Template.QueryHandler.Tests\Template.QueryHandler.Tests.csproj]
  Template.QueryHandler.Tests -> E:\Enterprise Projects\Template\Template.QueryHandler.Tests\bin\Debug\net10.0\Template.QueryHandler.Tests.dll
Test run for E:\Enterprise Projects\Template\Template.QueryHandler.Tests\bin\Debug\net10.0\Template.QueryHandler.Tests.dll (.NETCoreApp,Version=v10.0)
A total of 1 test files matched the specified pattern.
A total of 1 test files matched the specified pattern.
E:\Enterprise Projects\Template\Template.API\Program.cs(29,26): warning CA1305: The behavior of 'LoggerSinkConfiguration.MSSqlServer(string, [MSSqlServerSinkOptions], [IConfigurationSection], [IConfiguration], [LogEventLevel], [IFormatProvider], [ColumnOptions], [IConfigurationSection], [ITextFormatter])' could vary based on the current user's locale settings. Provide a value for the 'IFormatProvider' argument. (https://learn.microsoft.com/dotnet/fundamentals/code-analysis/quality-rules/ca1305) [E:\Enterprise Projects\Template\Template.API\Template.API.csproj]
dotnet : [xUnit.net 00:00:00.73]     
Template.EventHandler.Tests.Identity.UserCreatedEventHandlerTests.Handle_WithNullEvent_ThrowsException [FAIL]
At line:1 char:340
+ ... } } }; cd "E:\Enterprise Projects\Template"; dotnet test 2>&1 | Out-F ...
+                                                  ~~~~~~~~~~~~~~~~
    + CategoryInfo          : NotSpecified: ([xUnit.net 00:0...xception [FAIL]:String) [], RemoteException
    + FullyQualifiedErrorId : NativeCommandError
 
[xUnit.net 00:00:00.84]     
Template.EventHandler.Tests.Identity.UserCreatedEventHandlerTests.Handle_ReturnsCompletedTask [FAIL]
  Failed Template.EventHandler.Tests.Identity.UserCreatedEventHandlerTests.Handle_WithNullEvent_ThrowsException [7 ms]
  Error Message:
   Assert.Throws() Failure: Exception type was not an exact match
Expected: typeof(System.ArgumentNullException)
Actual:   typeof(System.NullReferenceException)
---- System.NullReferenceException : Object reference not set to an instance of an object.
  Stack Trace:
     at Template.EventHandler.Tests.Identity.UserCreatedEventHandlerTests.Handle_WithNullEvent_ThrowsException() in E:\Enterprise Projects\Template\Template.EventHandler.Tests\Identity\UserCreatedEventHandlerTests.cs:line 42
--- End of stack trace from previous location ---
----- Inner Stack Trace -----
   at Template.EventHandlers.Identity.UserCreatedEventHandler.Handle(UserCreatedEvent event) in E:\Enterprise Projects\Template\Template.EventHandlers\Identity\UserCreatedEventHandler.cs:line 12
  Failed Template.EventHandler.Tests.Identity.UserCreatedEventHandlerTests.Handle_ReturnsCompletedTask [2 ms]
  Error Message:
   Assert.IsType() Failure: Value is not the exact type
Expected: typeof(System.Threading.Tasks.Task)
Actual:   typeof(System.Runtime.CompilerServices.AsyncTaskMethodBuilder<VoidTaskResult, <Handle>d__0>)
  Stack Trace:
     at Template.EventHandler.Tests.Identity.UserCreatedEventHandlerTests.Handle_ReturnsCompletedTask() in E:\Enterprise Projects\Template\Template.EventHandler.Tests\Identity\UserCreatedEventHandlerTests.cs:line 162
--- End of stack trace from previous location ---

Failed!  - Failed:     2, Passed:     9, Skipped:     0, Total:    11, Duration: 1 s - Template.EventHandler.Tests.dll (net10.0)
[xUnit.net 00:00:01.99]     Template.QueryHandler.Tests.Identity.UserQueryHandlers.GetUserByIdQueryHandlerTests.Handle_
WithMultipleUsers_ReturnsCorrectUser [FAIL]
[xUnit.net 00:00:02.04]     
Template.QueryHandler.Tests.Identity.UserQueryHandlers.GetUserByIdQueryHandlerTests.Handle_MapsDTOCorrectly [FAIL]
[xUnit.net 00:00:02.04]     Template.QueryHandler.Tests.Identity.UserQueryHandlers.GetUserByIdQueryHandlerTests.Handle_
WithExistingUser_ReturnsUserDTO [FAIL]
  Failed Template.QueryHandler.Tests.Identity.UserQueryHandlers.GetUserByIdQueryHandlerTests.Handle_WithMultipleUsers_ReturnsCorrectUser [294 ms]
  Error Message:
   Assert.Equal() Failure: Strings differ
           ↓ (pos 0)
Expected: "user2"
Actual:   ""
  Stack Trace:
     at Template.QueryHandler.Tests.Identity.UserQueryHandlers.GetUserByIdQueryHandlerTests.Handle_WithMultipleUsers_ReturnsCorrectUser() in E:\Enterprise Projects\Template\Template.QueryHandler.Tests\Identity\UserQueryHandlers\GetUserByIdQueryHandlerTests.cs:line 199
--- End of stack trace from previous location ---
  Failed Template.QueryHandler.Tests.Identity.UserQueryHandlers.GetUserByIdQueryHandlerTests.Handle_MapsDTOCorrectly [6 ms]
  Error Message:
   Assert.Equal() Failure: Values differ
Expected: 8366a89a-fef1-4a55-8ef9-37c8bef80f53
Actual:   00000000-0000-0000-0000-000000000000
  Stack Trace:
     at Template.QueryHandler.Tests.Identity.UserQueryHandlers.GetUserByIdQueryHandlerTests.Handle_MapsDTOCorrectly() in E:\Enterprise Projects\Template\Template.QueryHandler.Tests\Identity\UserQueryHandlers\GetUserByIdQueryHandlerTests.cs:line 143
--- End of stack trace from previous location ---
  Failed Template.QueryHandler.Tests.Identity.UserQueryHandlers.GetUserByIdQueryHandlerTests.Handle_WithExistingUser_ReturnsUserDTO [1 ms]
  Error Message:
   Assert.Equal() Failure: Values differ
Expected: 39af2340-a9bc-4316-9be1-54d61df57d07
Actual:   00000000-0000-0000-0000-000000000000
  Stack Trace:
     at Template.QueryHandler.Tests.Identity.UserQueryHandlers.GetUserByIdQueryHandlerTests.Handle_WithExistingUser_ReturnsUserDTO() in E:\Enterprise Projects\Template\Template.QueryHandler.Tests\Identity\UserQueryHandlers\GetUserByIdQueryHandlerTests.cs:line 55
--- End of stack trace from previous location ---

Failed!  - Failed:     3, Passed:     3, Skipped:     0, Total:     6, Duration: 1 s - Template.QueryHandler.Tests.dll (net10.0)
  Template.API -> E:\Enterprise Projects\Template\Template.API\bin\Debug\net10.0\Template.API.dll
E:\Enterprise Projects\Template\Template.CommandHandler.Tests\Identity\UserCommandHandlers\UpdateUserCommandHandlerTests.cs(127,43): warning CS8602: Dereference of a possibly null reference. [E:\Enterprise Projects\Template\Template.CommandHandler.Tests\Template.CommandHandler.Tests.csproj]
E:\Enterprise Projects\Template\Template.CommandHandler.Tests\Identity\UserCommandHandlers\UpdateUserCommandHandlerTests.cs(168,37): warning CS8602: Dereference of a possibly null reference. [E:\Enterprise Projects\Template\Template.CommandHandler.Tests\Template.CommandHandler.Tests.csproj]
E:\Enterprise Projects\Template\Template.CommandHandler.Tests\Identity\UserCommandHandlers\UpdateUserCommandHandlerTests.cs(208,25): warning CS8602: Dereference of a possibly null reference. [E:\Enterprise Projects\Template\Template.CommandHandler.Tests\Template.CommandHandler.Tests.csproj]
E:\Enterprise Projects\Template\Template.CommandHandler.Tests\Identity\UserCommandHandlers\CreateUserCommandHandlerTests.cs(207,25): warning CS8625: Cannot convert null literal to non-nullable reference type. [E:\Enterprise Projects\Template\Template.CommandHandler.Tests\Template.CommandHandler.Tests.csproj]
E:\Enterprise Projects\Template\Template.CommandHandler.Tests\Identity\UserCommandHandlers\CreateUserCommandHandlerTests.cs(221,40): warning CS8602: Dereference of a possibly null reference. [E:\Enterprise Projects\Template\Template.CommandHandler.Tests\Template.CommandHandler.Tests.csproj]
E:\Enterprise Projects\Template\Template.CommandHandler.Tests\Identity\UserCommandHandlers\UpdateUserCommandHandlerTests.cs(30,27): warning CA1707: Remove the underscores from member name Template.CommandHandler.Tests.Identity.UserCommandHandlers.UpdateUserCommandHandlerTests.Handle_WithValidCommand_UpdatesUserSuccessfully() (https://learn.microsoft.com/dotnet/fundamentals/code-analysis/quality-rules/ca1707) [E:\Enterprise Projects\Template\Template.CommandHandler.Tests\Template.CommandHandler.Tests.csproj]
E:\Enterprise Projects\Template\Template.CommandHandler.Tests\Identity\UserCommandHandlers\DeleteUserCommandHandlerTests.cs(30,27): warning CA1707: Remove the underscores from member name Template.CommandHandler.Tests.Identity.UserCommandHandlers.DeleteUserCommandHandlerTests.Handle_WithExistingUser_DeletesSuccessfully() (https://learn.microsoft.com/dotnet/fundamentals/code-analysis/quality-rules/ca1707) [E:\Enterprise Projects\Template\Template.CommandHandler.Tests\Template.CommandHandler.Tests.csproj]
E:\Enterprise Projects\Template\Template.CommandHandler.Tests\Identity\UserCommandHandlers\UpdateUserCommandHandlerTests.cs(71,27): warning CA1707: Remove the underscores from member name Template.CommandHandler.Tests.Identity.UserCommandHandlers.UpdateUserCommandHandlerTests.Handle_WithNonExistentUser_ReturnsFalse() (https://learn.microsoft.com/dotnet/fundamentals/code-analysis/quality-rules/ca1707) [E:\Enterprise Projects\Template\Template.CommandHandler.Tests\Template.CommandHandler.Tests.csproj]
E:\Enterprise Projects\Template\Template.CommandHandler.Tests\Identity\UserCommandHandlers\UpdateUserCommandHandlerTests.cs(92,27): warning CA1707: Remove the underscores from member name Template.CommandHandler.Tests.Identity.UserCommandHandlers.UpdateUserCommandHandlerTests.Handle_UpdatesPasswordWithNewSalt() (https://learn.microsoft.com/dotnet/fundamentals/code-analysis/quality-rules/ca1707) [E:\Enterprise Projects\Template\Template.CommandHandler.Tests\Template.CommandHandler.Tests.csproj]
E:\Enterprise Projects\Template\Template.CommandHandler.Tests\Identity\UserCommandHandlers\DeleteUserCommandHandlerTests.cs(64,27): warning CA1707: Remove the underscores from member name Template.CommandHandler.Tests.Identity.UserCommandHandlers.DeleteUserCommandHandlerTests.Handle_WithNonExistentUser_ReturnsFalse() (https://learn.microsoft.com/dotnet/fundamentals/code-analysis/quality-rules/ca1707) [E:\Enterprise Projects\Template\Template.CommandHandler.Tests\Template.CommandHandler.Tests.csproj]
E:\Enterprise Projects\Template\Template.CommandHandler.Tests\Identity\UserCommandHandlers\DeleteUserCommandHandlerTests.cs(81,27): warning CA1707: Remove the underscores from member name Template.CommandHandler.Tests.Identity.UserCommandHandlers.DeleteUserCommandHandlerTests.Handle_DoesNotDeleteOtherUsers() (https://learn.microsoft.com/dotnet/fundamentals/code-analysis/quality-rules/ca1707) [E:\Enterprise Projects\Template\Template.CommandHandler.Tests\Template.CommandHandler.Tests.csproj]
E:\Enterprise Projects\Template\Template.CommandHandler.Tests\Identity\UserCommandHandlers\DeleteUserCommandHandlerTests.cs(140,27): warning CA1707: Remove the underscores from member name Template.CommandHandler.Tests.Identity.UserCommandHandlers.DeleteUserCommandHandlerTests.Handle_RemovesUserCompletely() (https://learn.microsoft.com/dotnet/fundamentals/code-analysis/quality-rules/ca1707) [E:\Enterprise Projects\Template\Template.CommandHandler.Tests\Template.CommandHandler.Tests.csproj]
E:\Enterprise Projects\Template\Template.CommandHandler.Tests\Identity\UserCommandHandlers\CreateUserCommandHandlerTests.cs(34,27): warning CA1707: Remove the underscores from member name Template.CommandHandler.Tests.Identity.UserCommandHandlers.CreateUserCommandHandlerTests.Handle_WithValidCommand_CreatesUserSuccessfully() (https://learn.microsoft.com/dotnet/fundamentals/code-analysis/quality-rules/ca1707) [E:\Enterprise Projects\Template\Template.CommandHandler.Tests\Template.CommandHandler.Tests.csproj]
E:\Enterprise Projects\Template\Template.CommandHandler.Tests\Identity\UserCommandHandlers\UpdateUserCommandHandlerTests.cs(131,27): warning CA1707: Remove the underscores from member name Template.CommandHandler.Tests.Identity.UserCommandHandlers.UpdateUserCommandHandlerTests.Handle_PreservesCreatedByAuditFields() (https://learn.microsoft.com/dotnet/fundamentals/code-analysis/quality-rules/ca1707) [E:\Enterprise Projects\Template\Template.CommandHandler.Tests\Template.CommandHandler.Tests.csproj]
E:\Enterprise Projects\Template\Template.CommandHandler.Tests\Identity\UserCommandHandlers\DeleteUserCommandHandlerTests.cs(174,27): warning CA1707: Remove the underscores from member name Template.CommandHandler.Tests.Identity.UserCommandHandlers.DeleteUserCommandHandlerTests.Handle_WithInactiveUser_DeletesSuccessfully() (https://learn.microsoft.com/dotnet/fundamentals/code-analysis/quality-rules/ca1707) [E:\Enterprise Projects\Template\Template.CommandHandler.Tests\Template.CommandHandler.Tests.csproj]
E:\Enterprise Projects\Template\Template.CommandHandler.Tests\Identity\UserCommandHandlers\UpdateUserCommandHandlerTests.cs(173,27): warning CA1707: Remove the underscores from member name Template.CommandHandler.Tests.Identity.UserCommandHandlers.UpdateUserCommandHandlerTests.Handle_UpdatesAuditTrail() (https://learn.microsoft.com/dotnet/fundamentals/code-analysis/quality-rules/ca1707) [E:\Enterprise Projects\Template\Template.CommandHandler.Tests\Template.CommandHandler.Tests.csproj]
E:\Enterprise Projects\Template\Template.CommandHandler.Tests\Identity\UserCommandHandlers\CreateUserCommandHandlerTests.cs(64,27): warning CA1707: Remove the underscores from member name Template.CommandHandler.Tests.Identity.UserCommandHandlers.CreateUserCommandHandlerTests.Handle_WithExistingUser_ReturnsNull() (https://learn.microsoft.com/dotnet/fundamentals/code-analysis/quality-rules/ca1707) [E:\Enterprise Projects\Template\Template.CommandHandler.Tests\Template.CommandHandler.Tests.csproj]
E:\Enterprise Projects\Template\Template.CommandHandler.Tests\Identity\UserCommandHandlers\DeleteUserCommandHandlerTests.cs(208,27): warning CA1707: Remove the underscores from member name Template.CommandHandler.Tests.Identity.UserCommandHandlers.DeleteUserCommandHandlerTests.Handle_CanBeCalledMultipleTimes() (https://learn.microsoft.com/dotnet/fundamentals/code-analysis/quality-rules/ca1707) [E:\Enterprise Projects\Template\Template.CommandHandler.Tests\Template.CommandHandler.Tests.csproj]
E:\Enterprise Projects\Template\Template.CommandHandler.Tests\Identity\UserCommandHandlers\CreateUserCommandHandlerTests.cs(91,27): warning CA1707: Remove the underscores from member name Template.CommandHandler.Tests.Identity.UserCommandHandlers.CreateUserCommandHandlerTests.Handle_PublishesUserCreatedEvent() (https://learn.microsoft.com/dotnet/fundamentals/code-analysis/quality-rules/ca1707) [E:\Enterprise Projects\Template\Template.CommandHandler.Tests\Template.CommandHandler.Tests.csproj]
E:\Enterprise Projects\Template\Template.CommandHandler.Tests\Identity\UserCommandHandlers\UpdateUserCommandHandlerTests.cs(211,21): warning CA1816: Change UpdateUserCommandHandlerTests.Dispose() to call GC.SuppressFinalize(object). This will prevent derived types that introduce a finalizer from needing to re-implement 'IDisposable' to call it. (https://learn.microsoft.com/dotnet/fundamentals/code-analysis/quality-rules/ca1816) [E:\Enterprise Projects\Template\Template.CommandHandler.Tests\Template.CommandHandler.Tests.csproj]
E:\Enterprise Projects\Template\Template.CommandHandler.Tests\Identity\UserCommandHandlers\DeleteUserCommandHandlerTests.cs(240,21): warning CA1816: Change DeleteUserCommandHandlerTests.Dispose() to call GC.SuppressFinalize(object). This will prevent derived types that introduce a finalizer from needing to re-implement 'IDisposable' to call it. (https://learn.microsoft.com/dotnet/fundamentals/code-analysis/quality-rules/ca1816) [E:\Enterprise Projects\Template\Template.CommandHandler.Tests\Template.CommandHandler.Tests.csproj]
E:\Enterprise Projects\Template\Template.CommandHandler.Tests\Identity\UserCommandHandlers\CreateUserCommandHandlerTests.cs(118,27): warning CA1707: Remove the underscores from member name Template.CommandHandler.Tests.Identity.UserCommandHandlers.CreateUserCommandHandlerTests.Handle_WithSameEmail_ReturnsNull() (https://learn.microsoft.com/dotnet/fundamentals/code-analysis/quality-rules/ca1707) [E:\Enterprise Projects\Template\Template.CommandHandler.Tests\Template.CommandHandler.Tests.csproj]
E:\Enterprise Projects\Template\Template.CommandHandler.Tests\Identity\UserCommandHandlers\CreateUserCommandHandlerTests.cs(142,27): warning CA1707: Remove the underscores from member name Template.CommandHandler.Tests.Identity.UserCommandHandlers.CreateUserCommandHandlerTests.Handle_SavesPasswordWithSalt() (https://learn.microsoft.com/dotnet/fundamentals/code-analysis/quality-rules/ca1707) [E:\Enterprise Projects\Template\Template.CommandHandler.Tests\Template.CommandHandler.Tests.csproj]
E:\Enterprise Projects\Template\Template.CommandHandler.Tests\Identity\UserCommandHandlers\CreateUserCommandHandlerTests.cs(171,27): warning CA1707: Remove the underscores from member name Template.CommandHandler.Tests.Identity.UserCommandHandlers.CreateUserCommandHandlerTests.Handle_ChecksUserExistenceBeforeCreation() (https://learn.microsoft.com/dotnet/fundamentals/code-analysis/quality-rules/ca1707) [E:\Enterprise Projects\Template\Template.CommandHandler.Tests\Template.CommandHandler.Tests.csproj]
E:\Enterprise Projects\Template\Template.CommandHandler.Tests\Identity\UserCommandHandlers\CreateUserCommandHandlerTests.cs(200,27): warning CA1707: Remove the underscores from member name Template.CommandHandler.Tests.Identity.UserCommandHandlers.CreateUserCommandHandlerTests.Handle_WithNullEmail_StoresEmptyString() (https://learn.microsoft.com/dotnet/fundamentals/code-analysis/quality-rules/ca1707) [E:\Enterprise Projects\Template\Template.CommandHandler.Tests\Template.CommandHandler.Tests.csproj]
E:\Enterprise Projects\Template\Template.CommandHandler.Tests\Identity\UserCommandHandlers\CreateUserCommandHandlerTests.cs(225,27): warning CA1707: Remove the underscores from member name Template.CommandHandler.Tests.Identity.UserCommandHandlers.CreateUserCommandHandlerTests.Handle_MaintainsDataConsistency() (https://learn.microsoft.com/dotnet/fundamentals/code-analysis/quality-rules/ca1707) [E:\Enterprise Projects\Template\Template.CommandHandler.Tests\Template.CommandHandler.Tests.csproj]
E:\Enterprise Projects\Template\Template.CommandHandler.Tests\Identity\UserCommandHandlers\CreateUserCommandHandlerTests.cs(251,21): warning CA1816: Change CreateUserCommandHandlerTests.Dispose() to call GC.SuppressFinalize(object). This will prevent derived types that introduce a finalizer from needing to re-implement 'IDisposable' to call it. (https://learn.microsoft.com/dotnet/fundamentals/code-analysis/quality-rules/ca1816) [E:\Enterprise Projects\Template\Template.CommandHandler.Tests\Template.CommandHandler.Tests.csproj]
  Template.CommandHandler.Tests -> E:\Enterprise Projects\Template\Template.CommandHandler.Tests\bin\Debug\net10.0\Template.CommandHandler.Tests.dll
Test run for E:\Enterprise Projects\Template\Template.CommandHandler.Tests\bin\Debug\net10.0\Template.CommandHandler.Tests.dll (.NETCoreApp,Version=v10.0)
A total of 1 test files matched the specified pattern.
E:\Enterprise Projects\Template\Template.Architecture.Tests\ArchitectureTests.cs(35,13): warning xUnit2024: Do not use Assert.True to test equality against null, numeric, string, or enum literals. Use Assert.NotNull instead. (https://xunit.net/xunit.analyzers/rules/xUnit2024) [E:\Enterprise Projects\Template\Template.Architecture.Tests\Template.Architecture.Tests.csproj]
E:\Enterprise Projects\Template\Template.Architecture.Tests\ArchitectureTests.cs(75,13): warning xUnit2024: Do not use Assert.True to test equality against null, numeric, string, or enum literals. Use Assert.NotNull instead. (https://xunit.net/xunit.analyzers/rules/xUnit2024) [E:\Enterprise Projects\Template\Template.Architecture.Tests\Template.Architecture.Tests.csproj]
E:\Enterprise Projects\Template\Template.Architecture.Tests\ArchitectureTests.cs(21,13): warning xUnit2024: Do not use Assert.True to test equality against null, numeric, string, or enum literals. Use Assert.NotNull instead. (https://xunit.net/xunit.analyzers/rules/xUnit2024) [E:\Enterprise Projects\Template\Template.Architecture.Tests\Template.Architecture.Tests.csproj]
E:\Enterprise Projects\Template\Template.Architecture.Tests\ArchitectureTests.cs(49,13): warning xUnit2024: Do not use Assert.True to test equality against null, numeric, string, or enum literals. Use Assert.NotNull instead. (https://xunit.net/xunit.analyzers/rules/xUnit2024) [E:\Enterprise Projects\Template\Template.Architecture.Tests\Template.Architecture.Tests.csproj]
E:\Enterprise Projects\Template\Template.Architecture.Tests\ArchitectureTests.cs(59,13): warning xUnit2024: Do not use Assert.True to test equality against null, numeric, string, or enum literals. Use Assert.NotNull instead. (https://xunit.net/xunit.analyzers/rules/xUnit2024) [E:\Enterprise Projects\Template\Template.Architecture.Tests\Template.Architecture.Tests.csproj]
  Template.Architecture.Tests -> E:\Enterprise Projects\Template\Template.Architecture.Tests\bin\Debug\net10.0\Template.Architecture.Tests.dll
Test run for E:\Enterprise Projects\Template\Template.Architecture.Tests\bin\Debug\net10.0\Template.Architecture.Tests.dll (.NETCoreApp,Version=v10.0)
A total of 1 test files matched the specified pattern.

Passed!  - Failed:     0, Passed:     5, Skipped:     0, Total:     5, Duration: 51 ms - Template.Architecture.Tests.dll (net10.0)
[xUnit.net 00:00:01.12]     Template.CommandHandler.Tests.Identity.UserCommandHandlers.DeleteUserCommandHandlerTests.Ha
ndle_DoesNotDeleteOtherUsers [FAIL]
[xUnit.net 00:00:01.15]     Template.CommandHandler.Tests.Identity.UserCommandHandlers.DeleteUserCommandHandlerTests.Ha
ndle_CanBeCalledMultipleTimes [FAIL]
[xUnit.net 00:00:01.15]     Template.CommandHandler.Tests.Identity.UserCommandHandlers.DeleteUserCommandHandlerTests.Ha
ndle_WithExistingUser_DeletesSuccessfully [FAIL]
[xUnit.net 00:00:01.15]     Template.CommandHandler.Tests.Identity.UserCommandHandlers.DeleteUserCommandHandlerTests.Ha
ndle_WithInactiveUser_DeletesSuccessfully [FAIL]
[xUnit.net 00:00:01.23]     
Template.CommandHandler.Tests.Identity.UserCommandHandlers.DeleteUserCommandHandlerTests.Handle_RemovesUserCompletely 
[FAIL]
[xUnit.net 00:00:01.24]     
Template.CommandHandler.Tests.Identity.UserCommandHandlers.UpdateUserCommandHandlerTests.Handle_UpdatesAuditTrail 
[FAIL]
  Failed Template.CommandHandler.Tests.Identity.UserCommandHandlers.DeleteUserCommandHandlerTests.Handle_DoesNotDeleteOtherUsers [896 ms]
  Error Message:
   Assert.True() Failure
Expected: True
Actual:   False
  Stack Trace:
     at Template.CommandHandler.Tests.Identity.UserCommandHandlers.DeleteUserCommandHandlerTests.Handle_DoesNotDeleteOtherUsers() in E:\Enterprise Projects\Template\Template.CommandHandler.Tests\Identity\UserCommandHandlers\DeleteUserCommandHandlerTests.cs:line 130
--- End of stack trace from previous location ---
  Failed Template.CommandHandler.Tests.Identity.UserCommandHandlers.DeleteUserCommandHandlerTests.Handle_CanBeCalledMultipleTimes [34 ms]
  Error Message:
   Assert.True() Failure
Expected: True
Actual:   False
  Stack Trace:
     at Template.CommandHandler.Tests.Identity.UserCommandHandlers.DeleteUserCommandHandlerTests.Handle_CanBeCalledMultipleTimes() in E:\Enterprise Projects\Template\Template.CommandHandler.Tests\Identity\UserCommandHandlers\DeleteUserCommandHandlerTests.cs:line 236
--- End of stack trace from previous location ---
  Failed Template.CommandHandler.Tests.Identity.UserCommandHandlers.DeleteUserCommandHandlerTests.Handle_WithExistingUser_DeletesSuccessfully [1 ms]
  Error Message:
   Assert.True() Failure
Expected: True
Actual:   False
  Stack Trace:
     at Template.CommandHandler.Tests.Identity.UserCommandHandlers.DeleteUserCommandHandlerTests.Handle_WithExistingUser_DeletesSuccessfully() in E:\Enterprise Projects\Template\Template.CommandHandler.Tests\Identity\UserCommandHandlers\DeleteUserCommandHandlerTests.cs:line 57
--- End of stack trace from previous location ---
  Failed Template.CommandHandler.Tests.Identity.UserCommandHandlers.DeleteUserCommandHandlerTests.Handle_WithInactiveUser_DeletesSuccessfully [1 ms]
  Error Message:
   Assert.True() Failure
Expected: True
Actual:   False
  Stack Trace:
     at Template.CommandHandler.Tests.Identity.UserCommandHandlers.DeleteUserCommandHandlerTests.Handle_WithInactiveUser_DeletesSuccessfully() in E:\Enterprise Projects\Template\Template.CommandHandler.Tests\Identity\UserCommandHandlers\DeleteUserCommandHandlerTests.cs:line 201
--- End of stack trace from previous location ---
  Failed Template.CommandHandler.Tests.Identity.UserCommandHandlers.DeleteUserCommandHandlerTests.Handle_RemovesUserCompletely [79 ms]
  Error Message:
   Assert.Equal() Failure: Values differ
Expected: 0
Actual:   1
  Stack Trace:
     at Template.CommandHandler.Tests.Identity.UserCommandHandlers.DeleteUserCommandHandlerTests.Handle_RemovesUserCompletely() in E:\Enterprise Projects\Template\Template.CommandHandler.Tests\Identity\UserCommandHandlers\DeleteUserCommandHandlerTests.cs:line 170
--- End of stack trace from previous location ---
  Failed Template.CommandHandler.Tests.Identity.UserCommandHandlers.UpdateUserCommandHandlerTests.Handle_UpdatesAuditTrail [1 s]
  Error Message:
   Assert.True() Failure
Expected: True
Actual:   False
  Stack Trace:
     at Template.CommandHandler.Tests.Identity.UserCommandHandlers.UpdateUserCommandHandlerTests.Handle_UpdatesAuditTrail() in E:\Enterprise Projects\Template\Template.CommandHandler.Tests\Identity\UserCommandHandlers\UpdateUserCommandHandlerTests.cs:line 208
--- End of stack trace from previous location ---

Failed!  - Failed:     6, Passed:    13, Skipped:     0, Total:    19, Duration: 1 s - Template.CommandHandler.Tests.dll (net10.0)
